// Jest Snapshot v1, https://goo.gl/fbAQLP

exports[`renders as expected 1`] = `
<div>
  <div
    class="card"
  >
    <div
      class="card-header"
    >
      <div
        class="p-2 pb-3 border-bottom border-light"
      >
        <h5
          class="d-inline"
        >
          Upcoming
           launch
        </h5>
        <div
          class="float-end"
        >
          <span
            class="badge bg-info"
          >
            To Be Determined
          </span>
        </div>
      </div>
    </div>
    <div
      class="card-body"
    >
      <h5>
        Falcon 9 Block 5 | Starlink 21
      </h5>
      <p>
        First cargo delivery mission to the space station.
      </p>
    </div>
  </div>
</div>
`;
