// Jest Snapshot v1, https://goo.gl/fbAQLP

exports[`renders as expected 1`] = `
<div>
  <div
    class="shadow-lg"
  >
    <div
      class="container-fluid"
    >
      <div
        class="row"
      >
        <div
          class="g-0 col-lg-9 col-md-12"
        >
          <div
            class="position-relative overflow-hidden"
          >
            <img
              alt="launch"
              class="img-fluid"
              src=""
            />
            <div
              class="position-absolute top-0 w-100 h-100 o-75 bg-dark"
            />
            <div
              class="position-absolute top-50 start-50 end-0 translate-middle text-center w-100"
            >
              <p
                class="text-uppercase text-center mb-1 fs-2"
              >
                Time to launch
              </p>
              <div
                class="countdown"
              >
                <div
                  class="text-center me-2 d-inline-block"
                >
                  <p
                    class="countdown-days-value fs-1 m-0"
                  >
                    1
                  </p>
                  <p
                    class="countdown-days text-muted text-uppercase m-0"
                  >
                    days
                  </p>
                </div>
                <div
                  class="text-center me-2 d-inline-block"
                >
                  <p
                    class="countdown-hours-value fs-1 m-0"
                  >
                    00
                  </p>
                  <p
                    class="countdown-hours text-muted text-uppercase m-0"
                  >
                    hours
                  </p>
                </div>
                <div
                  class="text-center me-2 d-inline-block"
                >
                  <p
                    class="countdown-minutes-value fs-1 m-0"
                  >
                    59
                  </p>
                  <p
                    class="countdown-minutes text-muted text-uppercase m-0"
                  >
                    minutes
                  </p>
                </div>
                <div
                  class="text-center d-inline-block"
                >
                  <p
                    class="countdown-seconds-value fs-1 m-0"
                  >
                    59
                  </p>
                  <p
                    class="countdown-seconds text-muted text-uppercase m-0"
                  >
                    seconds
                  </p>
                </div>
              </div>
            </div>
          </div>
        </div>
        <div
          class="g-0 col"
        >
          <div
            class="h-100 card"
          >
            <div
              class="card-body"
            >
              <div
                class="float-start"
              >
                <p
                  class="d-inline fs-6 text-muted border-end border-dark pe-2 me-2"
                >
                  Launch Co
                </p>
                <p
                  class="d-inline fs-6 text-muted"
                >
                  Commercial
                </p>
              </div>
              <div
                class="float-end"
              >
                <span
                  class="badge bg-success"
                >
                  Go for Launch
                </span>
              </div>
              <h4
                class="pt-5 pb-2"
              >
                Launch name
              </h4>
              <p>
                This is an example description of the launch mission.
              </p>
            </div>
          </div>
        </div>
      </div>
    </div>
  </div>
</div>
`;
